// Jest Snapshot v1, https://goo.gl/fbAQLP

exports[`<Characters /> DOM structure not changed 1`] = `
<div
  className="layout"
>
  <header
    className="header"
  >
    <h1
      className="title"
    >
      Welcome to The Rick and Morty Wiki!
    </h1>
  </header>
  <section
    className="grid"
  />
  <div
    className="pagination"
  >
    <button
      className="button"
      disabled={true}
      type="button"
    >
      Previos page
    </button>
    <span
      className="status"
    >
      1/0
    </span>
    <button
      className="button"
      disabled={true}
      type="button"
    >
      Next page
    </button>
  </div>
</div>
`;
