// Jest Snapshot v1, https://goo.gl/fbAQLP

exports[`<CharacterCard /> DOM structure not changed 1`] = `
<div
  className="card"
>
  <span
    className="image"
    style={
      Object {
        "display": "inline-block",
        "height": 0,
        "width": 0,
      }
    }
  />
  <h4
    className="title"
  >
    Name
  </h4>
</div>
`;
